// Jest Snapshot v1, https://goo.gl/fbAQLP

exports[`formatText when handlerType = s2s 1`] = `"S2S src/input/input.js → src/output/output.js"`;

exports[`formatText when handlerType = template 1`] = `"TEMPLATE src/input/input.js → src/output/output.js"`;

exports[`trimAndFormatPath 1`] = `"<dim>/src/user/hoge/<bold>index.js"`;
