// Jest Snapshot v1, https://goo.gl/fbAQLP

exports[`called log with output result 1`] = `"TEMPLATE src/handlers/__tests__/fixtures/copy.js → src/handlers/__tests__/fixtures/copy-result.js"`;

exports[`show output path when add output option 1`] = `"TEMPLATE src/handlers/__tests__/fixtures/copy.js → src/handlers/__tests__/fixtures/output.js"`;
